id: com.charlieculbert.wclap-runtime-sine-example
name: WCLAP Runtime Sine Example
vendor: Charlie Culbert
version: 0.1.0
description: Minimal MIDI sine example
features:
  instrument
  synthesizer
  stereo
format: clap
sampleRate: 48000
blockSize: 512
notes:
  port  channel  key  velocity  noteId
  0  0  60  @TIME@  -1
frames: 12000
channels: 2
sampleRate: 48000
peak: @TIME@
rms: @TIME@
silent: false
notes:
frames: 12000
channels: 2
sampleRate: 48000
peak: @TIME@
rms: @TIME@
silent: false
violations:
count: 0
