id: com.charlieculbert.wclap-runtime-transport-example
name: WCLAP Runtime Transport Example
vendor: Charlie Culbert
version: 0.1.0
description: Transport-driven metronome and field proof
features:
  instrument
  utility
playing: true
recording: false
tempo: 90
timeSignature: 3/4
beats: 0
seconds: 0
loop: false
loopStartBeats: 0
loopEndBeats: 4
sendsTransport: true
frames: 48000
channels: 1
sampleRate: 48000
peak: 0.2904251217842102
rms: 0.03658573813061735
silent: false
playing: true
recording: false
tempo: 90
timeSignature: 3/4
beats: 1.500000000000001
seconds: 1.0000000000000018
loop: false
loopStartBeats: 0
loopEndBeats: 4
sendsTransport: true
playing: false
recording: false
tempo: 90
timeSignature: 3/4
beats: 1.500000000000001
seconds: 1.0000000000000018
loop: false
loopStartBeats: 0
loopEndBeats: 4
sendsTransport: true
frames: 48000
channels: 1
sampleRate: 48000
peak: 0
rms: 0
silent: true
playing: false
recording: false
tempo: 90
timeSignature: 3/4
beats: 1.500000000000001
seconds: 1.0000000000000018
loop: false
loopStartBeats: 0
loopEndBeats: 4
sendsTransport: true
